Archive member included because of file (symbol)

C:\PROGRA~2\ONSEMI~1\EZAIRO~1/lib/cfx\sk4_sys.a(sk4_syslib.o)
                              ./app_init.o (SYSLIB_SetOperatingFrequency)
C:\PROGRA~2\ONSEMI~1\EZAIRO~1/lib/cfx\sk4_math.a(sk4_mathlib.o)
                              ./app.o (_MATHLIB_LOG2_frac48_m8p16)

Discarded input sections

 .cfasm_segments
                0x0000000000000000       0x16 ./app.o
 .cfasm_segments
                0x0000000000000000       0x1a ./app_init.o
 .cfasm_segments
                0x0000000000000000       0x35 ./app_isr.o
 .cfasm_segments
                0x0000000000000000      0x12a ./app_memory.o
 .cfasm_segments
                0x0000000000000000       0x1c C:\PROGRA~2\ONSEMI~1\EZAIRO~1/lib/cfx\sk4_sys.a(sk4_syslib.o)
 .cfasm_segments
                0x0000000000000000       0x1c C:\PROGRA~2\ONSEMI~1\EZAIRO~1/lib/cfx\sk4_math.a(sk4_mathlib.o)

Memory Configuration

Name             Origin             Length             Attributes
mem0_8000_dbff   0x0000000000008000 0x0000000000005c00 xrw
mem0_dfe0_dfff   0x000000000000dfe0 0x0000000000000020 xrw
mem0_e000_efff   0x000000000000e000 0x0000000000001000 xrw
mem0_f300_f312   0x000000000000f300 0x0000000000000013 xrw
mem0_f800_f8bf   0x000000000000f800 0x00000000000000c0 xrw
mem0_f900_f9ff   0x000000000000f900 0x0000000000000100 xrw
mem1_0120_2fff   0x0000000001000120 0x0000000000002ee0 w
mem1_4000_67ff   0x0000000001004000 0x0000000000002800 w
mem1_8000_ffff   0x0000000001008000 0x0000000000008000 w
mem2_0120_0fff   0x0000000002000120 0x0000000000000ee0 w
mem2_c000_ffff   0x000000000200c000 0x0000000000004000 w
mem3_0020_011f   0x0000000003000020 0x0000000000000100 w
*default*        0x0000000000000000 0xffffffffffffffff

Linker script and memory map


.main           0x0000000000008000      0x538
 *(.main)
 .main          0x0000000000008000       0xa7 ./app.o
                0x0000000000008000                main

.segEELIB
 *(.segEELIB)

.init_seg       0x00000000000080a7      0x538
 *(.init_seg)
 .init_seg      0x00000000000080a7       0xa7 ./app_init.o
                0x00000000000080a7                Initialize

.seg_syslib     0x000000000000814e      0x3b8
 *(.seg_syslib)
 .seg_syslib    0x000000000000814e       0x77 C:\PROGRA~2\ONSEMI~1\EZAIRO~1/lib/cfx\sk4_sys.a(sk4_syslib.o)
                0x000000000000814e                SYSLIB_Reset
                0x0000000000008151                SYSLIB_Delay
                0x0000000000008162                SYSLIB_DelayBase
                0x000000000000816d                SYSLIB_WaitForSPIDone
                0x0000000000008173                SYSLIB_SetOperatingFrequency
                0x0000000000008180                SYSLIB_SetOperatingFrequency_Throttle
                0x0000000000008193                SYSLIB_SoftPowerdownEnable
                0x0000000000008199                SYSLIB_SoftPowerdownDisable
                0x00000000000081a1                SYSLIB_CalibrateADC

.segMATHLIB     0x00000000000081c5      0x258
 *(.segMATHLIB)
 .segMATHLIB    0x00000000000081c5       0x4b C:\PROGRA~2\ONSEMI~1\EZAIRO~1/lib/cfx\sk4_math.a(sk4_mathlib.o)
                0x00000000000081c5                _MATHLIB_SQRT_frac48_frac48
                0x00000000000081d1                _MATHLIB_LOG2_frac48_m8p16
                0x00000000000081da                _MATHLIB_EXP2_m8p16_frac48
                0x00000000000081e1                _MATHLIB_RECIP_POS_frac48_fl8n16
                0x00000000000081ea                _MATHLIB_RECIP_GEN_frac48_fl8n16
                0x00000000000081f6                _MATHLIB_DIVIDE
                0x00000000000081f8                _MATHLIB_DIVIDE_LOOP_START

.isr_seg        0x0000000000008210       0x60
 *(.isr_seg)
 .isr_seg       0x0000000000008210        0xc ./app_isr.o

.int_vect_seg   0x000000000000dfe0      0x100
 *(.int_vect_seg)
 .int_vect_seg  0x000000000000dfe0       0x20 ./app_isr.o

.X_System_Memory_Reserved
                0x0000000001000120       0x30
 *(.X_System_Memory_Reserved)
 .X_System_Memory_Reserved
                0x0000000001000120        0x6 ./app_memory.o
                0x0000000001000120                X_FIFO_0_DONE
                0x0000000001000121                X_SPI_DONE
                0x0000000001000122                X_UART_DONE
                0x0000000001000123                X_SPI_FLAG
                0x0000000001000124                X_dB
                0x0000000001000125                X_SC

.X_System_Stack_Memory_Reserved
                0x0000000001002f80      0x400
 *(.X_System_Stack_Memory_Reserved)
 .X_System_Stack_Memory_Reserved
                0x0000000001002f80       0x80 ./app_memory.o
                0x0000000001002f80                X_STACK_BOTTOM
                0x0000000001003000                PROVIDE (__stack, .)

.X_FIFO_A0_0_Memory_Reserved
                0x000000000100c000      0x800
 *(.X_FIFO_A0_0_Memory_Reserved)
 .X_FIFO_A0_0_Memory_Reserved
                0x000000000100c000      0x100 ./app_memory.o
                0x000000000100c000                X_FIFO_A0_0_BASE

.X_FIFO_A0_1_Memory_Reserved
                0x000000000100c120      0x800
 *(.X_FIFO_A0_1_Memory_Reserved)
 .X_FIFO_A0_1_Memory_Reserved
                0x000000000100c120      0x100 ./app_memory.o
                0x000000000100c120                X_FIFO_A0_1_BASE

.X_FIFO_B0_0_Memory_Reserved
                0x000000000100d000      0x800
 *(.X_FIFO_B0_0_Memory_Reserved)
 .X_FIFO_B0_0_Memory_Reserved
                0x000000000100d000      0x100 ./app_memory.o
                0x000000000100d000                X_FIFO_B0_0_BASE

.Y_System_Memory_Reserved
                0x0000000002000120        0x0
 *(.Y_System_Memory_Reserved)
 .Y_System_Memory_Reserved
                0x0000000002000120        0x0 ./app_memory.o

.XY_System_Memory_Reserved
                0x0000000003000020        0x0
 *(.XY_System_Memory_Reserved)
 .XY_System_Memory_Reserved
                0x0000000003000020        0x0 ./app_memory.o

.cfasm_mem0_bss_ranges
 *(.cfasm_mem0_bss_ranges)
                0x0000000000000000                __cfasm_mem0_bss_ranges_start = 0x0
                0x0000000000000000                __cfasm_mem0_bss_ranges_end = 0x0

.cfasm_mem1_bss_ranges
                0x0000000000000000       0x40
 *(.cfasm_mem1_bss_ranges)
 .cfasm_mem1_bss_ranges
                0x0000000000000000        0x8 ./app_memory.o
                0x0000000000000000                __cfasm_mem1_bss_ranges_start = 0x0
                0x0000000000000000                __cfasm_mem1_bss_ranges_end = 0x0

.cfasm_mem2_bss_ranges
 *(.cfasm_mem2_bss_ranges)
                0x0000000000000000                __cfasm_mem2_bss_ranges_start = 0x0
                0x0000000000000000                __cfasm_mem2_bss_ranges_end = 0x0

.cfasm_mem3_bss_ranges
 *(.cfasm_mem3_bss_ranges)
                0x0000000000000000                __cfasm_mem3_bss_ranges_start = 0x0
                0x0000000000000000                __cfasm_mem3_bss_ranges_end = 0x0

.cfasm_segments
                0x0000000000000000      0x1d5
                0x0000000000000000        0x2 SHORT 0x1
                0x0000000000000002        0x1 BYTE 0x73
                0x0000000000000003        0x1 BYTE 0x65
                0x0000000000000004        0x1 BYTE 0x67
                0x0000000000000005        0x1 BYTE 0x5f
                0x0000000000000006        0x1 BYTE 0x73
                0x0000000000000007        0x1 BYTE 0x79
                0x0000000000000008        0x1 BYTE 0x73
                0x0000000000000009        0x1 BYTE 0x6c
                0x000000000000000a        0x1 BYTE 0x69
                0x000000000000000b        0x1 BYTE 0x62
                0x000000000000000c        0x1 BYTE 0x0
                0x000000000000000d        0x4 LONG 0xffffffffffffffff
                0x0000000000000011        0x4 LONG 0xffffffffffffffff
                0x0000000000000015        0x4 LONG 0x1
                0x0000000000000019        0x1 BYTE 0x0
                0x000000000000001a        0x2 SHORT 0x20
                0x000000000000001c        0x1 BYTE 0x59
                0x000000000000001d        0x1 BYTE 0x5f
                0x000000000000001e        0x1 BYTE 0x53
                0x000000000000001f        0x1 BYTE 0x79
                0x0000000000000020        0x1 BYTE 0x73
                0x0000000000000021        0x1 BYTE 0x74
                0x0000000000000022        0x1 BYTE 0x65
                0x0000000000000023        0x1 BYTE 0x6d
                0x0000000000000024        0x1 BYTE 0x5f
                0x0000000000000025        0x1 BYTE 0x4d
                0x0000000000000026        0x1 BYTE 0x65
                0x0000000000000027        0x1 BYTE 0x6d
                0x0000000000000028        0x1 BYTE 0x6f
                0x0000000000000029        0x1 BYTE 0x72
                0x000000000000002a        0x1 BYTE 0x79
                0x000000000000002b        0x1 BYTE 0x5f
                0x000000000000002c        0x1 BYTE 0x52
                0x000000000000002d        0x1 BYTE 0x65
                0x000000000000002e        0x1 BYTE 0x73
                0x000000000000002f        0x1 BYTE 0x65
                0x0000000000000030        0x1 BYTE 0x72
                0x0000000000000031        0x1 BYTE 0x76
                0x0000000000000032        0x1 BYTE 0x65
                0x0000000000000033        0x1 BYTE 0x64
                0x0000000000000034        0x1 BYTE 0x0
                0x0000000000000035        0x4 LONG 0xffffffffffffffff
                0x0000000000000039        0x4 LONG 0xffffffffffffffff
                0x000000000000003d        0x4 LONG 0x1
                0x0000000000000041        0x1 BYTE 0x2
                0x0000000000000042        0x2 SHORT 0x18
                0x0000000000000044        0x1 BYTE 0x73
                0x0000000000000045        0x1 BYTE 0x65
                0x0000000000000046        0x1 BYTE 0x67
                0x0000000000000047        0x1 BYTE 0x4d
                0x0000000000000048        0x1 BYTE 0x41
                0x0000000000000049        0x1 BYTE 0x54
                0x000000000000004a        0x1 BYTE 0x48
                0x000000000000004b        0x1 BYTE 0x4c
                0x000000000000004c        0x1 BYTE 0x49
                0x000000000000004d        0x1 BYTE 0x42
                0x000000000000004e        0x1 BYTE 0x0
                0x000000000000004f        0x4 LONG 0xffffffffffffffff
                0x0000000000000053        0x4 LONG 0xffffffffffffffff
                0x0000000000000057        0x4 LONG 0x1
                0x000000000000005b        0x1 BYTE 0x0
                0x000000000000005c        0x2 SHORT 0x20
                0x000000000000005e        0x1 BYTE 0x58
                0x000000000000005f        0x1 BYTE 0x5f
                0x0000000000000060        0x1 BYTE 0x46
                0x0000000000000061        0x1 BYTE 0x49
                0x0000000000000062        0x1 BYTE 0x46
                0x0000000000000063        0x1 BYTE 0x4f
                0x0000000000000064        0x1 BYTE 0x5f
                0x0000000000000065        0x1 BYTE 0x41
                0x0000000000000066        0x1 BYTE 0x30
                0x0000000000000067        0x1 BYTE 0x5f
                0x0000000000000068        0x1 BYTE 0x30
                0x0000000000000069        0x1 BYTE 0x5f
                0x000000000000006a        0x1 BYTE 0x4d
                0x000000000000006b        0x1 BYTE 0x65
                0x000000000000006c        0x1 BYTE 0x6d
                0x000000000000006d        0x1 BYTE 0x6f
                0x000000000000006e        0x1 BYTE 0x72
                0x000000000000006f        0x1 BYTE 0x79
                0x0000000000000070        0x1 BYTE 0x5f
                0x0000000000000071        0x1 BYTE 0x52
                0x0000000000000072        0x1 BYTE 0x65
                0x0000000000000073        0x1 BYTE 0x73
                0x0000000000000074        0x1 BYTE 0x65
                0x0000000000000075        0x1 BYTE 0x72
                0x0000000000000076        0x1 BYTE 0x76
                0x0000000000000077        0x1 BYTE 0x65
                0x0000000000000078        0x1 BYTE 0x64
                0x0000000000000079        0x1 BYTE 0x0
                0x000000000000007a        0x4 LONG 0xffffffffffffffff
                0x000000000000007e        0x4 LONG 0xc000
                0x0000000000000082        0x4 LONG 0x1
                0x0000000000000086        0x1 BYTE 0x1
                0x0000000000000087        0x2 SHORT 0x18
                0x0000000000000089        0x1 BYTE 0x58
                0x000000000000008a        0x1 BYTE 0x5f
                0x000000000000008b        0x1 BYTE 0x46
                0x000000000000008c        0x1 BYTE 0x49
                0x000000000000008d        0x1 BYTE 0x46
                0x000000000000008e        0x1 BYTE 0x4f
                0x000000000000008f        0x1 BYTE 0x5f
                0x0000000000000090        0x1 BYTE 0x42
                0x0000000000000091        0x1 BYTE 0x30
                0x0000000000000092        0x1 BYTE 0x5f
                0x0000000000000093        0x1 BYTE 0x30
                0x0000000000000094        0x1 BYTE 0x5f
                0x0000000000000095        0x1 BYTE 0x4d
                0x0000000000000096        0x1 BYTE 0x65
                0x0000000000000097        0x1 BYTE 0x6d
                0x0000000000000098        0x1 BYTE 0x6f
                0x0000000000000099        0x1 BYTE 0x72
                0x000000000000009a        0x1 BYTE 0x79
                0x000000000000009b        0x1 BYTE 0x5f
                0x000000000000009c        0x1 BYTE 0x52
                0x000000000000009d        0x1 BYTE 0x65
                0x000000000000009e        0x1 BYTE 0x73
                0x000000000000009f        0x1 BYTE 0x65
                0x00000000000000a0        0x1 BYTE 0x72
                0x00000000000000a1        0x1 BYTE 0x76
                0x00000000000000a2        0x1 BYTE 0x65
                0x00000000000000a3        0x1 BYTE 0x64
                0x00000000000000a4        0x1 BYTE 0x0
                0x00000000000000a5        0x4 LONG 0xffffffffffffffff
                0x00000000000000a9        0x4 LONG 0xd000
                0x00000000000000ad        0x4 LONG 0x1
                0x00000000000000b1        0x1 BYTE 0x1
                0x00000000000000b2        0x2 SHORT 0x18
                0x00000000000000b4        0x1 BYTE 0x69
                0x00000000000000b5        0x1 BYTE 0x6e
                0x00000000000000b6        0x1 BYTE 0x74
                0x00000000000000b7        0x1 BYTE 0x5f
                0x00000000000000b8        0x1 BYTE 0x76
                0x00000000000000b9        0x1 BYTE 0x65
                0x00000000000000ba        0x1 BYTE 0x63
                0x00000000000000bb        0x1 BYTE 0x74
                0x00000000000000bc        0x1 BYTE 0x5f
                0x00000000000000bd        0x1 BYTE 0x73
                0x00000000000000be        0x1 BYTE 0x65
                0x00000000000000bf        0x1 BYTE 0x67
                0x00000000000000c0        0x1 BYTE 0x0
                0x00000000000000c1        0x4 LONG 0xffffffffffffffff
                0x00000000000000c5        0x4 LONG 0xdfe0
                0x00000000000000c9        0x4 LONG 0x1
                0x00000000000000cd        0x1 BYTE 0x0
                0x00000000000000ce        0x2 SHORT 0x20
                0x00000000000000d0        0x1 BYTE 0x58
                0x00000000000000d1        0x1 BYTE 0x59
                0x00000000000000d2        0x1 BYTE 0x5f
                0x00000000000000d3        0x1 BYTE 0x53
                0x00000000000000d4        0x1 BYTE 0x79
                0x00000000000000d5        0x1 BYTE 0x73
                0x00000000000000d6        0x1 BYTE 0x74
                0x00000000000000d7        0x1 BYTE 0x65
                0x00000000000000d8        0x1 BYTE 0x6d
                0x00000000000000d9        0x1 BYTE 0x5f
                0x00000000000000da        0x1 BYTE 0x4d
                0x00000000000000db        0x1 BYTE 0x65
                0x00000000000000dc        0x1 BYTE 0x6d
                0x00000000000000dd        0x1 BYTE 0x6f
                0x00000000000000de        0x1 BYTE 0x72
                0x00000000000000df        0x1 BYTE 0x79
                0x00000000000000e0        0x1 BYTE 0x5f
                0x00000000000000e1        0x1 BYTE 0x52
                0x00000000000000e2        0x1 BYTE 0x65
                0x00000000000000e3        0x1 BYTE 0x73
                0x00000000000000e4        0x1 BYTE 0x65
                0x00000000000000e5        0x1 BYTE 0x72
                0x00000000000000e6        0x1 BYTE 0x76
                0x00000000000000e7        0x1 BYTE 0x65
                0x00000000000000e8        0x1 BYTE 0x64
                0x00000000000000e9        0x1 BYTE 0x0
                0x00000000000000ea        0x4 LONG 0xffffffffffffffff
                0x00000000000000ee        0x4 LONG 0xffffffffffffffff
                0x00000000000000f2        0x4 LONG 0x1
                0x00000000000000f6        0x1 BYTE 0x3
                0x00000000000000f7        0x2 SHORT 0x30
                0x00000000000000f9        0x1 BYTE 0x58
                0x00000000000000fa        0x1 BYTE 0x5f
                0x00000000000000fb        0x1 BYTE 0x46
                0x00000000000000fc        0x1 BYTE 0x49
                0x00000000000000fd        0x1 BYTE 0x46
                0x00000000000000fe        0x1 BYTE 0x4f
                0x00000000000000ff        0x1 BYTE 0x5f
                0x0000000000000100        0x1 BYTE 0x41
                0x0000000000000101        0x1 BYTE 0x30
                0x0000000000000102        0x1 BYTE 0x5f
                0x0000000000000103        0x1 BYTE 0x31
                0x0000000000000104        0x1 BYTE 0x5f
                0x0000000000000105        0x1 BYTE 0x4d
                0x0000000000000106        0x1 BYTE 0x65
                0x0000000000000107        0x1 BYTE 0x6d
                0x0000000000000108        0x1 BYTE 0x6f
                0x0000000000000109        0x1 BYTE 0x72
                0x000000000000010a        0x1 BYTE 0x79
                0x000000000000010b        0x1 BYTE 0x5f
                0x000000000000010c        0x1 BYTE 0x52
                0x000000000000010d        0x1 BYTE 0x65
                0x000000000000010e        0x1 BYTE 0x73
                0x000000000000010f        0x1 BYTE 0x65
                0x0000000000000110        0x1 BYTE 0x72
                0x0000000000000111        0x1 BYTE 0x76
                0x0000000000000112        0x1 BYTE 0x65
                0x0000000000000113        0x1 BYTE 0x64
                0x0000000000000114        0x1 BYTE 0x0
                0x0000000000000115        0x4 LONG 0xffffffffffffffff
                0x0000000000000119        0x4 LONG 0xc120
                0x000000000000011d        0x4 LONG 0x1
                0x0000000000000121        0x1 BYTE 0x1
                0x0000000000000122        0x2 SHORT 0x18
                0x0000000000000124        0x1 BYTE 0x69
                0x0000000000000125        0x1 BYTE 0x6e
                0x0000000000000126        0x1 BYTE 0x69
                0x0000000000000127        0x1 BYTE 0x74
                0x0000000000000128        0x1 BYTE 0x5f
                0x0000000000000129        0x1 BYTE 0x73
                0x000000000000012a        0x1 BYTE 0x65
                0x000000000000012b        0x1 BYTE 0x67
                0x000000000000012c        0x1 BYTE 0x0
                0x000000000000012d        0x4 LONG 0xffffffffffffffff
                0x0000000000000131        0x4 LONG 0xffffffffffffffff
                0x0000000000000135        0x4 LONG 0x1
                0x0000000000000139        0x1 BYTE 0x0
                0x000000000000013a        0x2 SHORT 0x20
                0x000000000000013c        0x1 BYTE 0x73
                0x000000000000013d        0x1 BYTE 0x65
                0x000000000000013e        0x1 BYTE 0x67
                0x000000000000013f        0x1 BYTE 0x45
                0x0000000000000140        0x1 BYTE 0x45
                0x0000000000000141        0x1 BYTE 0x4c
                0x0000000000000142        0x1 BYTE 0x49
                0x0000000000000143        0x1 BYTE 0x42
                0x0000000000000144        0x1 BYTE 0x0
                0x0000000000000145        0x4 LONG 0xffffffffffffffff
                0x0000000000000149        0x4 LONG 0xffffffffffffffff
                0x000000000000014d        0x4 LONG 0x1
                0x0000000000000151        0x1 BYTE 0x0
                0x0000000000000152        0x2 SHORT 0x20
                0x0000000000000154        0x1 BYTE 0x58
                0x0000000000000155        0x1 BYTE 0x5f
                0x0000000000000156        0x1 BYTE 0x53
                0x0000000000000157        0x1 BYTE 0x79
                0x0000000000000158        0x1 BYTE 0x73
                0x0000000000000159        0x1 BYTE 0x74
                0x000000000000015a        0x1 BYTE 0x65
                0x000000000000015b        0x1 BYTE 0x6d
                0x000000000000015c        0x1 BYTE 0x5f
                0x000000000000015d        0x1 BYTE 0x53
                0x000000000000015e        0x1 BYTE 0x74
                0x000000000000015f        0x1 BYTE 0x61
                0x0000000000000160        0x1 BYTE 0x63
                0x0000000000000161        0x1 BYTE 0x6b
                0x0000000000000162        0x1 BYTE 0x5f
                0x0000000000000163        0x1 BYTE 0x4d
                0x0000000000000164        0x1 BYTE 0x65
                0x0000000000000165        0x1 BYTE 0x6d
                0x0000000000000166        0x1 BYTE 0x6f
                0x0000000000000167        0x1 BYTE 0x72
                0x0000000000000168        0x1 BYTE 0x79
                0x0000000000000169        0x1 BYTE 0x5f
                0x000000000000016a        0x1 BYTE 0x52
                0x000000000000016b        0x1 BYTE 0x65
                0x000000000000016c        0x1 BYTE 0x73
                0x000000000000016d        0x1 BYTE 0x65
                0x000000000000016e        0x1 BYTE 0x72
                0x000000000000016f        0x1 BYTE 0x76
                0x0000000000000170        0x1 BYTE 0x65
                0x0000000000000171        0x1 BYTE 0x64
                0x0000000000000172        0x1 BYTE 0x0
                0x0000000000000173        0x4 LONG 0xffffffffffffffff
                0x0000000000000177        0x4 LONG 0x2f80
                0x000000000000017b        0x4 LONG 0x1
                0x000000000000017f        0x1 BYTE 0x1
                0x0000000000000180        0x2 SHORT 0x18
                0x0000000000000182        0x1 BYTE 0x6d
                0x0000000000000183        0x1 BYTE 0x61
                0x0000000000000184        0x1 BYTE 0x69
                0x0000000000000185        0x1 BYTE 0x6e
                0x0000000000000186        0x1 BYTE 0x0
                0x0000000000000187        0x4 LONG 0xffffffffffffffff
                0x000000000000018b        0x4 LONG 0x8000
                0x000000000000018f        0x4 LONG 0x1
                0x0000000000000193        0x1 BYTE 0x0
                0x0000000000000194        0x2 SHORT 0x20
                0x0000000000000196        0x1 BYTE 0x58
                0x0000000000000197        0x1 BYTE 0x5f
                0x0000000000000198        0x1 BYTE 0x53
                0x0000000000000199        0x1 BYTE 0x79
                0x000000000000019a        0x1 BYTE 0x73
                0x000000000000019b        0x1 BYTE 0x74
                0x000000000000019c        0x1 BYTE 0x65
                0x000000000000019d        0x1 BYTE 0x6d
                0x000000000000019e        0x1 BYTE 0x5f
                0x000000000000019f        0x1 BYTE 0x4d
                0x00000000000001a0        0x1 BYTE 0x65
                0x00000000000001a1        0x1 BYTE 0x6d
                0x00000000000001a2        0x1 BYTE 0x6f
                0x00000000000001a3        0x1 BYTE 0x72
                0x00000000000001a4        0x1 BYTE 0x79
                0x00000000000001a5        0x1 BYTE 0x5f
                0x00000000000001a6        0x1 BYTE 0x52
                0x00000000000001a7        0x1 BYTE 0x65
                0x00000000000001a8        0x1 BYTE 0x73
                0x00000000000001a9        0x1 BYTE 0x65
                0x00000000000001aa        0x1 BYTE 0x72
                0x00000000000001ab        0x1 BYTE 0x76
                0x00000000000001ac        0x1 BYTE 0x65
                0x00000000000001ad        0x1 BYTE 0x64
                0x00000000000001ae        0x1 BYTE 0x0
                0x00000000000001af        0x4 LONG 0xffffffffffffffff
                0x00000000000001b3        0x4 LONG 0xffffffffffffffff
                0x00000000000001b7        0x4 LONG 0x1
                0x00000000000001bb        0x1 BYTE 0x1
                0x00000000000001bc        0x2 SHORT 0x18
                0x00000000000001be        0x1 BYTE 0x69
                0x00000000000001bf        0x1 BYTE 0x73
                0x00000000000001c0        0x1 BYTE 0x72
                0x00000000000001c1        0x1 BYTE 0x5f
                0x00000000000001c2        0x1 BYTE 0x73
                0x00000000000001c3        0x1 BYTE 0x65
                0x00000000000001c4        0x1 BYTE 0x67
                0x00000000000001c5        0x1 BYTE 0x0
                0x00000000000001c6        0x4 LONG 0xffffffffffffffff
                0x00000000000001ca        0x4 LONG 0xffffffffffffffff
                0x00000000000001ce        0x4 LONG 0x1
                0x00000000000001d2        0x1 BYTE 0x0
                0x00000000000001d3        0x2 SHORT 0x20

/DISCARD/
 *(.cfasm_segments)
LOAD ./app.o
LOAD ./app_init.o
LOAD ./app_isr.o
LOAD ./app_memory.o
START GROUP
LOAD C:\PROGRA~2\ONSEMI~1\EZAIRO~1/lib/cfx\sk4_eeprom.a
LOAD C:\PROGRA~2\ONSEMI~1\EZAIRO~1/lib/cfx\sk4_sys.a
LOAD C:\PROGRA~2\ONSEMI~1\EZAIRO~1/lib/cfx\sk4_math.a
END GROUP
OUTPUT(0316_Simple_Mic_RW.cfe elf32-cfx)

.text           0x000000000000821c        0x0 load address 0x00000000000001d5
 .text          0x000000000000821c        0x0 ./app.o
 .text          0x000000000000821c        0x0 ./app_init.o
 .text          0x000000000000821c        0x0 ./app_isr.o
 .text          0x000000000000821c        0x0 ./app_memory.o
 .text          0x000000000000821c        0x0 C:\PROGRA~2\ONSEMI~1\EZAIRO~1/lib/cfx\sk4_sys.a(sk4_syslib.o)
 .text          0x000000000000821c        0x0 C:\PROGRA~2\ONSEMI~1\EZAIRO~1/lib/cfx\sk4_math.a(sk4_mathlib.o)

.data           0x000000000000821c        0x0 load address 0x00000000000001d5
 .data          0x000000000000821c        0x0 ./app.o
 .data          0x000000000000821c        0x0 ./app_init.o
 .data          0x000000000000821c        0x0 ./app_isr.o
 .data          0x000000000000821c        0x0 ./app_memory.o
 .data          0x000000000000821c        0x0 C:\PROGRA~2\ONSEMI~1\EZAIRO~1/lib/cfx\sk4_sys.a(sk4_syslib.o)
 .data          0x000000000000821c        0x0 C:\PROGRA~2\ONSEMI~1\EZAIRO~1/lib/cfx\sk4_math.a(sk4_mathlib.o)

.bss            0x000000000000821c        0x0 load address 0x00000000000001d5
 .bss           0x000000000000821c        0x0 ./app.o
 .bss           0x000000000000821c        0x0 ./app_init.o
 .bss           0x000000000000821c        0x0 ./app_isr.o
 .bss           0x000000000000821c        0x0 ./app_memory.o
 .bss           0x000000000000821c        0x0 C:\PROGRA~2\ONSEMI~1\EZAIRO~1/lib/cfx\sk4_sys.a(sk4_syslib.o)
 .bss           0x000000000000821c        0x0 C:\PROGRA~2\ONSEMI~1\EZAIRO~1/lib/cfx\sk4_math.a(sk4_mathlib.o)

.debug_line     0x0000000000000000    0x1ff6a
 .debug_line    0x0000000000000000     0x5c21 ./app.o
 .debug_line    0x0000000000005c21     0x5b14 ./app_init.o
 .debug_line    0x000000000000b735     0x517d ./app_isr.o
 .debug_line    0x00000000000108b2     0x5375 ./app_memory.o
 .debug_line    0x0000000000015c27     0x521a C:\PROGRA~2\ONSEMI~1\EZAIRO~1/lib/cfx\sk4_sys.a(sk4_syslib.o)
 .debug_line    0x000000000001ae41     0x5129 C:\PROGRA~2\ONSEMI~1\EZAIRO~1/lib/cfx\sk4_math.a(sk4_mathlib.o)

.debug_info     0x0000000000000000      0x272
 .debug_info    0x0000000000000000       0x62 ./app.o
 .debug_info    0x0000000000000062       0x67 ./app_init.o
 .debug_info    0x00000000000000c9       0x66 ./app_isr.o
 .debug_info    0x000000000000012f       0x69 ./app_memory.o
 .debug_info    0x0000000000000198       0x6d C:\PROGRA~2\ONSEMI~1\EZAIRO~1/lib/cfx\sk4_sys.a(sk4_syslib.o)
 .debug_info    0x0000000000000205       0x6d C:\PROGRA~2\ONSEMI~1\EZAIRO~1/lib/cfx\sk4_math.a(sk4_mathlib.o)

.debug_abbrev   0x0000000000000000       0x6c
 .debug_abbrev  0x0000000000000000       0x12 ./app.o
 .debug_abbrev  0x0000000000000012       0x12 ./app_init.o
 .debug_abbrev  0x0000000000000024       0x12 ./app_isr.o
 .debug_abbrev  0x0000000000000036       0x12 ./app_memory.o
 .debug_abbrev  0x0000000000000048       0x12 C:\PROGRA~2\ONSEMI~1\EZAIRO~1/lib/cfx\sk4_sys.a(sk4_syslib.o)
 .debug_abbrev  0x000000000000005a       0x12 C:\PROGRA~2\ONSEMI~1\EZAIRO~1/lib/cfx\sk4_math.a(sk4_mathlib.o)

.debug_aranges  0x0000000000000000      0x120
 .debug_aranges
                0x0000000000000000       0x28 ./app.o
 .debug_aranges
                0x0000000000000028       0x28 ./app_init.o
 .debug_aranges
                0x0000000000000050       0x30 ./app_isr.o
 .debug_aranges
                0x0000000000000080       0x50 ./app_memory.o
 .debug_aranges
                0x00000000000000d0       0x28 C:\PROGRA~2\ONSEMI~1\EZAIRO~1/lib/cfx\sk4_sys.a(sk4_syslib.o)
 .debug_aranges
                0x00000000000000f8       0x28 C:\PROGRA~2\ONSEMI~1\EZAIRO~1/lib/cfx\sk4_math.a(sk4_mathlib.o)

.debug_ranges   0x0000000000000000       0xf0
 .debug_ranges  0x0000000000000000       0x20 ./app.o
 .debug_ranges  0x0000000000000020       0x20 ./app_init.o
 .debug_ranges  0x0000000000000040       0x28 ./app_isr.o
 .debug_ranges  0x0000000000000068       0x48 ./app_memory.o
 .debug_ranges  0x00000000000000b0       0x20 C:\PROGRA~2\ONSEMI~1\EZAIRO~1/lib/cfx\sk4_sys.a(sk4_syslib.o)
 .debug_ranges  0x00000000000000d0       0x20 C:\PROGRA~2\ONSEMI~1\EZAIRO~1/lib/cfx\sk4_math.a(sk4_mathlib.o)
